npx : FAIL ./auth.test.js
At line:1 char:1
+ npx jest --verbose 
auth.test.js > 
test_output.txt 2>&1
+ ~~~~~~~~~~~~~~~~~~~~~~~~~
~~~~~~~~~~~~~~~~~~~~~~~~~~~
~~
    + CategoryInfo         
     : NotSpecified: (FAI  
  L ./auth.test.js:Strin   
 g) [], RemoteException
    + FullyQualifiedErrorI 
   d : NativeCommandError
 
  ÔùÅ Test suite failed to 
run

    apiKey value must be 
defined!

    [0m [90m 4 |[39m 
[36mconst[39m template 
[33m=[39m require([32m".
/email.template"[39m)[33m
;[39m
     [90m 5 |[39m dotenv
[33m.[39mconfig()[33m;[3
9m
    
[31m[1m>[22m[39m[90m 
6 |[39m [36mconst[39m 
mg [33m=[39m mailgun({
     [90m   |[39m        
    [31m[1m^[22m[39m
     [90m 7 |[39m 	
apiKey[33m:[39m process[
33m.[39menv[33m.[39m[33
mMAIL_GUN_API_KEY[39m[33m
,[39m
     [90m 8 |[39m 	
domain[33m:[39m process[
33m.[39menv[33m.[39m[33
mDOMAIN[39m[33m,[39m
     [90m 9 |[39m 
})[33m;[39m[0m

      at new Mailgun (node_
modules/mailgun-js/lib/mail
gun.js:16:13)
      at create (node_modul
es/mailgun-js/lib/mailgun.j
s:239:10)
      at Object.mailgun 
(helpers/mailgun.js:6:12)
      at Object.require 
(helpers/auth.js:5:14)
      at Object.require 
(auth.test.js:2:20)

Test Suites: 1 failed, 1 
total
Tests:       0 total
Snapshots:   0 total
Time:        0.743 s
Ran all test suites 
matching auth.test.js.
